Copyright 1986-2021 Xilinx, Inc. All Rights Reserved.
-----------------------------------------------------------------------------------------------------
| Tool Version : Vivado v.2021.2 (lin64) Build 3367213 Tue Oct 19 02:47:39 MDT 2021
| Date         : Wed Jun  8 10:55:06 2022
| Host         : marvin running 64-bit Ubuntu 18.04.6 LTS
| Command      : report_control_sets -verbose -file CoreSight_Decode_wrapper_control_sets_placed.rpt
| Design       : CoreSight_Decode_wrapper
| Device       : xczu9eg
-----------------------------------------------------------------------------------------------------

Control Set Information

Table of Contents
-----------------
1. Summary
2. Histogram
3. Flip-Flop Distribution
4. Detailed Control Set Information

1. Summary
----------

+----------------------------------------------------------+-------+
|                          Status                          | Count |
+----------------------------------------------------------+-------+
| Total control sets                                       |   120 |
|    Minimum number of control sets                        |   120 |
|    Addition due to synthesis replication                 |     0 |
|    Addition due to physical synthesis replication        |     0 |
| Unused register locations in slices containing registers |    90 |
+----------------------------------------------------------+-------+
* Control sets can be merged at opt_design using control_set_merge or merge_equivalent_drivers
** Run report_qor_suggestions for automated merging and remapping suggestions


2. Histogram
------------

+--------------------+-------+
|       Fanout       | Count |
+--------------------+-------+
| Total control sets |   120 |
| >= 0 to < 4        |     9 |
| >= 4 to < 6        |    14 |
| >= 6 to < 8        |     5 |
| >= 8 to < 10       |     8 |
| >= 10 to < 12      |     7 |
| >= 12 to < 14      |    12 |
| >= 14 to < 16      |     2 |
| >= 16              |    63 |
+--------------------+-------+
* Control sets can be remapped at either synth_design or opt_design


3. Flip-Flop Distribution
-------------------------

+--------------+-----------------------+------------------------+-----------------+--------------+
| Clock Enable | Synchronous Set/Reset | Asynchronous Set/Reset | Total Registers | Total Slices |
+--------------+-----------------------+------------------------+-----------------+--------------+
| No           | No                    | No                     |             334 |           59 |
| No           | No                    | Yes                    |              42 |           15 |
| No           | Yes                   | No                     |              48 |           23 |
| Yes          | No                    | No                     |             431 |          101 |
| Yes          | No                    | Yes                    |              60 |            9 |
| Yes          | Yes                   | No                     |            2555 |          436 |
+--------------+-----------------------+------------------------+-----------------+--------------+


4. Detailed Control Set Information
-----------------------------------

+----------------------------------------------------+-----------------------------------------------------------------------------------------------------------------------------------------------------------------------------------------------------------------------------------------------------------------------------------------------+-------------------------------------------------------------------------------------------------------------------------------------------------------------------------------------------------------------------------------------------+------------------+----------------+--------------+
|                    Clock Signal                    |                                                                                                                                         Enable Signal                                                                                                                                         |                                                                                                              Set/Reset Signal                                                                                                             | Slice Load Count | Bel Load Count | Bels / Slice |
+----------------------------------------------------+-----------------------------------------------------------------------------------------------------------------------------------------------------------------------------------------------------------------------------------------------------------------------------------------------+-------------------------------------------------------------------------------------------------------------------------------------------------------------------------------------------------------------------------------------------+------------------+----------------+--------------+
|  CoreSight_Decode_i/zynq_ultra_ps_e_0/inst/pl_clk0 | CoreSight_Decode_i/ps8_0_axi_periph/s00_couplers/auto_pc/inst/gen_axilite.gen_b2s_conv.axilite_b2s/RD.r_channel_0/r_push_r                                                                                                                                                                    |                                                                                                                                                                                                                                           |                1 |              1 |         1.00 |
|  CoreSight_Decode_i/zynq_ultra_ps_e_0/inst/pl_clk0 | CoreSight_Decode_i/ps8_0_axi_periph/s00_couplers/auto_ds/inst/gen_downsizer.gen_simple_downsizer.axi_downsizer_inst/USE_WRITE.write_addr_inst/USE_B_CHANNEL.cmd_b_queue/inst/m_axi_awready_0[0]                                                                                               | CoreSight_Decode_i/rst_ps8_0_99M/U0/peripheral_aresetn[0]                                                                                                                                                                                 |                1 |              1 |         1.00 |
|  CoreSight_Decode_i/zynq_ultra_ps_e_0/inst/pl_clk0 | CoreSight_Decode_i/CoreSight_L0_Decoder_0/inst/FSM_sequential_state[1]_i_1_n_0                                                                                                                                                                                                                |                                                                                                                                                                                                                                           |                2 |              2 |         1.00 |
|  CoreSight_Decode_i/zynq_ultra_ps_e_0/inst/pl_clk0 | CoreSight_Decode_i/ps8_0_axi_periph/s00_couplers/auto_pc/inst/gen_axilite.gen_b2s_conv.axilite_b2s/WR.b_channel_0/bid_fifo_0/E[0]                                                                                                                                                             | CoreSight_Decode_i/ps8_0_axi_periph/s00_couplers/auto_pc/inst/gen_axilite.gen_b2s_conv.axilite_b2s/areset_d1                                                                                                                              |                2 |              2 |         1.00 |
|  CoreSight_Decode_i/zynq_ultra_ps_e_0/inst/pl_clk0 | CoreSight_Decode_i/ps8_0_axi_periph/s00_couplers/auto_pc/inst/gen_axilite.gen_b2s_conv.axilite_b2s/SI_REG/b.b_pipe/p_1_in                                                                                                                                                                     |                                                                                                                                                                                                                                           |                1 |              2 |         2.00 |
|  CoreSight_Decode_i/zynq_ultra_ps_e_0/inst/pl_clk0 | CoreSight_Decode_i/ps8_0_axi_periph/s00_couplers/auto_pc/inst/gen_axilite.gen_b2s_conv.axilite_b2s/WR.b_channel_0/bid_fifo_0/cnt_read[1]_i_1_n_0                                                                                                                                              | CoreSight_Decode_i/ps8_0_axi_periph/s00_couplers/auto_pc/inst/gen_axilite.gen_b2s_conv.axilite_b2s/areset_d1                                                                                                                              |                1 |              2 |         2.00 |
|  CoreSight_Decode_i/zynq_ultra_ps_e_0/inst/pl_clk0 | CoreSight_Decode_i/CoreSight_L0_Decoder_0/inst/frame[127]                                                                                                                                                                                                                                     |                                                                                                                                                                                                                                           |                2 |              2 |         1.00 |
|  CoreSight_Decode_i/zynq_ultra_ps_e_0/inst/pl_clk0 | CoreSight_Decode_i/CoreSight_L0_Decoder_0/inst/processcount                                                                                                                                                                                                                                   |                                                                                                                                                                                                                                           |                1 |              3 |         3.00 |
|  CoreSight_Decode_i/zynq_ultra_ps_e_0/inst/pl_clk0 | CoreSight_Decode_i/CoreSight_L0_Decoder_0/inst/bug_num[2]_i_1_n_0                                                                                                                                                                                                                             |                                                                                                                                                                                                                                           |                2 |              3 |         1.50 |
|  CoreSight_Decode_i/zynq_ultra_ps_e_0/inst/pl_clk0 | CoreSight_Decode_i/CoreSight_L0_Decoder_0/inst/frame[47]                                                                                                                                                                                                                                      |                                                                                                                                                                                                                                           |                3 |              4 |         1.33 |
|  CoreSight_Decode_i/zynq_ultra_ps_e_0/inst/pl_clk0 | CoreSight_Decode_i/CoreSight_L0_Decoder_0/inst/frame[31]                                                                                                                                                                                                                                      |                                                                                                                                                                                                                                           |                3 |              4 |         1.33 |
|  CoreSight_Decode_i/zynq_ultra_ps_e_0/inst/pl_clk0 | CoreSight_Decode_i/CoreSight_L0_Decoder_0/inst/frame[63]                                                                                                                                                                                                                                      |                                                                                                                                                                                                                                           |                3 |              4 |         1.33 |
|  CoreSight_Decode_i/zynq_ultra_ps_e_0/inst/pl_clk0 | CoreSight_Decode_i/CoreSight_L0_Decoder_0/inst/frame[111]                                                                                                                                                                                                                                     |                                                                                                                                                                                                                                           |                2 |              4 |         2.00 |
|  CoreSight_Decode_i/zynq_ultra_ps_e_0/inst/pl_clk0 | CoreSight_Decode_i/CoreSight_L0_Decoder_0/inst/frame[79]                                                                                                                                                                                                                                      |                                                                                                                                                                                                                                           |                3 |              4 |         1.33 |
|  CoreSight_Decode_i/zynq_ultra_ps_e_0/inst/pl_clk0 | CoreSight_Decode_i/CoreSight_L0_Decoder_0/inst/frame[95]                                                                                                                                                                                                                                      |                                                                                                                                                                                                                                           |                3 |              4 |         1.33 |
|  CoreSight_Decode_i/zynq_ultra_ps_e_0/inst/pl_clk0 |                                                                                                                                                                                                                                                                                               | CoreSight_Decode_i/ps8_0_axi_periph/s00_couplers/auto_pc/inst/gen_axilite.gen_b2s_conv.axilite_b2s/SI_REG/aw.aw_pipe/aresetn_d_reg[0]_1                                                                                                   |                3 |              4 |         1.33 |
|  CoreSight_Decode_i/zynq_ultra_ps_e_0/inst/pl_clk0 |                                                                                                                                                                                                                                                                                               | CoreSight_Decode_i/ps8_0_axi_periph/s00_couplers/auto_pc/inst/gen_axilite.gen_b2s_conv.axilite_b2s/SI_REG/ar.ar_pipe/aresetn_d_reg_n_0_[1]                                                                                                |                3 |              4 |         1.33 |
|  CoreSight_Decode_i/zynq_ultra_ps_e_0/inst/pl_clk0 |                                                                                                                                                                                                                                                                                               | CoreSight_Decode_i/rst_ps8_0_99M/U0/EXT_LPF/lpf_int                                                                                                                                                                                       |                1 |              4 |         4.00 |
|  CoreSight_Decode_i/zynq_ultra_ps_e_0/inst/pl_clk0 | CoreSight_Decode_i/ps8_0_axi_periph/s00_couplers/auto_ds/inst/gen_downsizer.gen_simple_downsizer.axi_downsizer_inst/USE_WRITE.write_addr_inst/USE_B_CHANNEL.cmd_b_queue/inst/fifo_gen_inst/inst_fifo_gen/gconvfifo.rf/grf.rf/rstblk/E[0]                                                      |                                                                                                                                                                                                                                           |                2 |              5 |         2.50 |
|  CoreSight_Decode_i/zynq_ultra_ps_e_0/inst/pl_clk0 | CoreSight_Decode_i/CoreSight_Dump_0/inst/CoreSight_Dump_v1_0_S_AXI_inst/count                                                                                                                                                                                                                 |                                                                                                                                                                                                                                           |                1 |              5 |         5.00 |
|  CoreSight_Decode_i/zynq_ultra_ps_e_0/inst/pl_clk0 | CoreSight_Decode_i/ps8_0_axi_periph/s00_couplers/auto_pc/inst/gen_axilite.gen_b2s_conv.axilite_b2s/RD.r_channel_0/rd_data_fifo_0/cnt_read[4]_i_1_n_0                                                                                                                                          | CoreSight_Decode_i/ps8_0_axi_periph/s00_couplers/auto_pc/inst/gen_axilite.gen_b2s_conv.axilite_b2s/areset_d1                                                                                                                              |                1 |              5 |         5.00 |
|  CoreSight_Decode_i/zynq_ultra_ps_e_0/inst/pl_clk0 | CoreSight_Decode_i/ps8_0_axi_periph/s00_couplers/auto_pc/inst/gen_axilite.gen_b2s_conv.axilite_b2s/RD.r_channel_0/transaction_fifo_0/cnt_read[4]_i_1__0_n_0                                                                                                                                   | CoreSight_Decode_i/ps8_0_axi_periph/s00_couplers/auto_pc/inst/gen_axilite.gen_b2s_conv.axilite_b2s/areset_d1                                                                                                                              |                1 |              5 |         5.00 |
|  CoreSight_Decode_i/zynq_ultra_ps_e_0/inst/pl_clk0 | CoreSight_Decode_i/ps8_0_axi_periph/s00_couplers/auto_ds/inst/gen_downsizer.gen_simple_downsizer.axi_downsizer_inst/USE_WRITE.write_addr_inst/USE_B_CHANNEL.cmd_b_queue/inst/fifo_gen_inst/inst_fifo_gen/gconvfifo.rf/grf.rf/gntv_or_sync_fifo.gl0.rd/gr1.gr1_int.rfwft/E[0]                  |                                                                                                                                                                                                                                           |                1 |              5 |         5.00 |
|  CoreSight_Decode_i/zynq_ultra_ps_e_0/inst/pl_clk0 | CoreSight_Decode_i/ps8_0_axi_periph/s00_couplers/auto_ds/inst/gen_downsizer.gen_simple_downsizer.axi_downsizer_inst/USE_READ.read_addr_inst/cmd_queue/inst/cmd_push_block_reg_0[0]                                                                                                            | CoreSight_Decode_i/rst_ps8_0_99M/U0/peripheral_aresetn[0]                                                                                                                                                                                 |                2 |              6 |         3.00 |
|  CoreSight_Decode_i/zynq_ultra_ps_e_0/inst/pl_clk0 | CoreSight_Decode_i/ps8_0_axi_periph/s00_couplers/auto_ds/inst/gen_downsizer.gen_simple_downsizer.axi_downsizer_inst/USE_WRITE.write_addr_inst/USE_B_CHANNEL.cmd_b_queue/inst/cmd_b_push_block_reg_0[0]                                                                                        | CoreSight_Decode_i/rst_ps8_0_99M/U0/peripheral_aresetn[0]                                                                                                                                                                                 |                1 |              6 |         6.00 |
|  CoreSight_Decode_i/zynq_ultra_ps_e_0/inst/pl_clk0 |                                                                                                                                                                                                                                                                                               | CoreSight_Decode_i/ps8_0_axi_periph/s00_couplers/auto_pc/inst/gen_axilite.gen_b2s_conv.axilite_b2s/areset_d1                                                                                                                              |                4 |              6 |         1.50 |
|  CoreSight_Decode_i/zynq_ultra_ps_e_0/inst/pl_clk0 | CoreSight_Decode_i/rst_ps8_0_99M/U0/SEQ/seq_cnt_en                                                                                                                                                                                                                                            | CoreSight_Decode_i/rst_ps8_0_99M/U0/SEQ/seq_clr                                                                                                                                                                                           |                1 |              6 |         6.00 |
|  CoreSight_Decode_i/zynq_ultra_ps_e_0/inst/pl_clk0 | CoreSight_Decode_i/ps8_0_axi_periph/s00_couplers/auto_ds/inst/gen_downsizer.gen_simple_downsizer.axi_downsizer_inst/USE_READ.read_addr_inst/cmd_queue/inst/m_axi_arready_1[0]                                                                                                                 | CoreSight_Decode_i/rst_ps8_0_99M/U0/peripheral_aresetn[0]                                                                                                                                                                                 |                6 |              7 |         1.17 |
|  CoreSight_Decode_i/zynq_ultra_ps_e_0/inst/pl_clk0 | CoreSight_Decode_i/ps8_0_axi_periph/s00_couplers/auto_ds/inst/gen_downsizer.gen_simple_downsizer.axi_downsizer_inst/USE_READ.read_addr_inst/cmd_queue/inst/m_axi_arready_1[0]                                                                                                                 | CoreSight_Decode_i/ps8_0_axi_periph/s00_couplers/auto_ds/inst/gen_downsizer.gen_simple_downsizer.axi_downsizer_inst/USE_READ.read_addr_inst/pushed_commands[7]_i_1__0_n_0                                                                 |                2 |              8 |         4.00 |
|  CoreSight_Decode_i/zynq_ultra_ps_e_0/inst/pl_clk0 | CoreSight_Decode_i/ps8_0_axi_periph/s00_couplers/auto_pc/inst/gen_axilite.gen_b2s_conv.axilite_b2s/RD.ar_channel_0/ar_cmd_fsm_0/sel_first_reg[0]                                                                                                                                              |                                                                                                                                                                                                                                           |                4 |              8 |         2.00 |
|  CoreSight_Decode_i/zynq_ultra_ps_e_0/inst/pl_clk0 | CoreSight_Decode_i/ps8_0_axi_periph/s00_couplers/auto_pc/inst/gen_axilite.gen_b2s_conv.axilite_b2s/WR.aw_channel_0/aw_cmd_fsm_0/b_push                                                                                                                                                        |                                                                                                                                                                                                                                           |                1 |              8 |         8.00 |
|  CoreSight_Decode_i/zynq_ultra_ps_e_0/inst/pl_clk0 | CoreSight_Decode_i/ps8_0_axi_periph/s00_couplers/auto_ds/inst/gen_downsizer.gen_simple_downsizer.axi_downsizer_inst/USE_WRITE.write_addr_inst/USE_B_CHANNEL.cmd_b_queue/inst/m_axi_awready_0[0]                                                                                               | CoreSight_Decode_i/ps8_0_axi_periph/s00_couplers/auto_ds/inst/gen_downsizer.gen_simple_downsizer.axi_downsizer_inst/USE_WRITE.write_addr_inst/pushed_commands[7]_i_1_n_0                                                                  |                2 |              8 |         4.00 |
|  CoreSight_Decode_i/zynq_ultra_ps_e_0/inst/pl_clk0 | CoreSight_Decode_i/ps8_0_axi_periph/s00_couplers/auto_pc/inst/gen_axilite.gen_b2s_conv.axilite_b2s/WR.b_channel_0/mhandshake_r                                                                                                                                                                | CoreSight_Decode_i/ps8_0_axi_periph/s00_couplers/auto_pc/inst/gen_axilite.gen_b2s_conv.axilite_b2s/WR.b_channel_0/bid_fifo_0/SR[0]                                                                                                        |                2 |              8 |         4.00 |
|  CoreSight_Decode_i/zynq_ultra_ps_e_0/inst/pl_clk0 | CoreSight_Decode_i/ps8_0_axi_periph/s00_couplers/auto_pc/inst/gen_axilite.gen_b2s_conv.axilite_b2s/RD.ar_channel_0/ar_cmd_fsm_0/E[0]                                                                                                                                                          |                                                                                                                                                                                                                                           |                5 |              8 |         1.60 |
|  CoreSight_Decode_i/zynq_ultra_ps_e_0/inst/pl_clk0 | CoreSight_Decode_i/ps8_0_axi_periph/s00_couplers/auto_pc/inst/gen_axilite.gen_b2s_conv.axilite_b2s/SI_REG/aw.aw_pipe/s_ready_i_reg_0                                                                                                                                                          |                                                                                                                                                                                                                                           |                2 |              9 |         4.50 |
|  CoreSight_Decode_i/zynq_ultra_ps_e_0/inst/pl_clk0 | CoreSight_Decode_i/ps8_0_axi_periph/s00_couplers/auto_pc/inst/gen_axilite.gen_b2s_conv.axilite_b2s/WR.aw_channel_0/aw_cmd_fsm_0/m_valid_i_reg[0]                                                                                                                                              |                                                                                                                                                                                                                                           |                2 |              9 |         4.50 |
|  CoreSight_Decode_i/zynq_ultra_ps_e_0/inst/pl_clk0 | CoreSight_Decode_i/ps8_0_axi_periph/s00_couplers/auto_ds/inst/gen_downsizer.gen_simple_downsizer.axi_downsizer_inst/USE_READ.read_addr_inst/cmd_queue/inst/fifo_gen_inst/inst_fifo_gen/gconvfifo.rf/grf.rf/gntv_or_sync_fifo.gl0.rd/gr1.gr1_int.rfwft/ram_empty_fb_i_reg[0]                   | CoreSight_Decode_i/ps8_0_axi_periph/s00_couplers/auto_ds/inst/gen_downsizer.gen_simple_downsizer.axi_downsizer_inst/USE_READ.read_addr_inst/cmd_queue/inst/fifo_gen_inst/inst_fifo_gen/gconvfifo.rf/grf.rf/rstblk/AR[0]                   |                2 |             10 |         5.00 |
|  CoreSight_Decode_i/zynq_ultra_ps_e_0/inst/pl_clk0 | CoreSight_Decode_i/ps8_0_axi_periph/s00_couplers/auto_ds/inst/gen_downsizer.gen_simple_downsizer.axi_downsizer_inst/USE_READ.read_addr_inst/cmd_queue/inst/fifo_gen_inst/inst_fifo_gen/gconvfifo.rf/grf.rf/gntv_or_sync_fifo.gl0.wr/gwss.wsts/E[0]                                            | CoreSight_Decode_i/ps8_0_axi_periph/s00_couplers/auto_ds/inst/gen_downsizer.gen_simple_downsizer.axi_downsizer_inst/USE_READ.read_addr_inst/cmd_queue/inst/fifo_gen_inst/inst_fifo_gen/gconvfifo.rf/grf.rf/rstblk/AR[0]                   |                2 |             10 |         5.00 |
|  CoreSight_Decode_i/zynq_ultra_ps_e_0/inst/pl_clk0 | CoreSight_Decode_i/ps8_0_axi_periph/s00_couplers/auto_ds/inst/gen_downsizer.gen_simple_downsizer.axi_downsizer_inst/USE_WRITE.write_addr_inst/USE_B_CHANNEL.cmd_b_queue/inst/fifo_gen_inst/inst_fifo_gen/gconvfifo.rf/grf.rf/gntv_or_sync_fifo.gl0.rd/gr1.gr1_int.rfwft/ram_empty_fb_i_reg[0] | CoreSight_Decode_i/ps8_0_axi_periph/s00_couplers/auto_ds/inst/gen_downsizer.gen_simple_downsizer.axi_downsizer_inst/USE_WRITE.write_addr_inst/USE_B_CHANNEL.cmd_b_queue/inst/fifo_gen_inst/inst_fifo_gen/gconvfifo.rf/grf.rf/rstblk/AR[0] |                1 |             10 |        10.00 |
|  CoreSight_Decode_i/zynq_ultra_ps_e_0/inst/pl_clk0 | CoreSight_Decode_i/ps8_0_axi_periph/s00_couplers/auto_ds/inst/gen_downsizer.gen_simple_downsizer.axi_downsizer_inst/USE_WRITE.write_addr_inst/USE_B_CHANNEL.cmd_b_queue/inst/fifo_gen_inst/inst_fifo_gen/gconvfifo.rf/grf.rf/gntv_or_sync_fifo.gl0.wr/gwss.wsts/E[0]                          | CoreSight_Decode_i/ps8_0_axi_periph/s00_couplers/auto_ds/inst/gen_downsizer.gen_simple_downsizer.axi_downsizer_inst/USE_WRITE.write_addr_inst/USE_B_CHANNEL.cmd_b_queue/inst/fifo_gen_inst/inst_fifo_gen/gconvfifo.rf/grf.rf/rstblk/AR[0] |                2 |             10 |         5.00 |
|  CoreSight_Decode_i/zynq_ultra_ps_e_0/inst/pl_clk0 | CoreSight_Decode_i/ps8_0_axi_periph/s00_couplers/auto_ds/inst/gen_downsizer.gen_simple_downsizer.axi_downsizer_inst/USE_WRITE.write_addr_inst/cmd_queue/inst/fifo_gen_inst/inst_fifo_gen/gconvfifo.rf/grf.rf/gntv_or_sync_fifo.gl0.rd/gr1.gr1_int.rfwft/ram_empty_fb_i_reg[0]                 | CoreSight_Decode_i/ps8_0_axi_periph/s00_couplers/auto_ds/inst/gen_downsizer.gen_simple_downsizer.axi_downsizer_inst/USE_WRITE.write_addr_inst/cmd_queue/inst/fifo_gen_inst/inst_fifo_gen/gconvfifo.rf/grf.rf/rstblk/AR[0]                 |                2 |             10 |         5.00 |
|  CoreSight_Decode_i/zynq_ultra_ps_e_0/inst/pl_clk0 | CoreSight_Decode_i/ps8_0_axi_periph/s00_couplers/auto_ds/inst/gen_downsizer.gen_simple_downsizer.axi_downsizer_inst/USE_WRITE.write_addr_inst/cmd_queue/inst/fifo_gen_inst/inst_fifo_gen/gconvfifo.rf/grf.rf/gntv_or_sync_fifo.gl0.wr/gwss.wsts/E[0]                                          | CoreSight_Decode_i/ps8_0_axi_periph/s00_couplers/auto_ds/inst/gen_downsizer.gen_simple_downsizer.axi_downsizer_inst/USE_WRITE.write_addr_inst/cmd_queue/inst/fifo_gen_inst/inst_fifo_gen/gconvfifo.rf/grf.rf/rstblk/AR[0]                 |                2 |             10 |         5.00 |
|  CoreSight_Decode_i/zynq_ultra_ps_e_0/inst/pl_clk0 | CoreSight_Decode_i/ps8_0_axi_periph/s00_couplers/auto_ds/inst/gen_downsizer.gen_simple_downsizer.axi_downsizer_inst/USE_WRITE.USE_SPLIT.write_resp_inst/p_1_in                                                                                                                                | CoreSight_Decode_i/rst_ps8_0_99M/U0/peripheral_aresetn[0]                                                                                                                                                                                 |                2 |             11 |         5.50 |
|  CoreSight_Decode_i/zynq_ultra_ps_e_0/inst/pl_clk0 | CoreSight_Decode_i/ps8_0_axi_periph/s00_couplers/auto_pc/inst/gen_axilite.gen_b2s_conv.axilite_b2s/WR.aw_channel_0/aw_cmd_fsm_0/FSM_sequential_state_reg[1]_0[0]                                                                                                                              |                                                                                                                                                                                                                                           |                4 |             12 |         3.00 |
|  CoreSight_Decode_i/zynq_ultra_ps_e_0/inst/pl_clk0 |                                                                                                                                                                                                                                                                                               | CoreSight_Decode_i/ps8_0_axi_periph/s00_couplers/auto_ds/inst/gen_downsizer.gen_simple_downsizer.axi_downsizer_inst/USE_WRITE.write_addr_inst/USE_B_CHANNEL.cmd_b_queue/inst/fifo_gen_inst/inst_fifo_gen/gconvfifo.rf/grf.rf/rstblk/AR[0] |                3 |             12 |         4.00 |
|  CoreSight_Decode_i/zynq_ultra_ps_e_0/inst/pl_clk0 | CoreSight_Decode_i/CoreSight_L0_Decoder_0/inst/frame[31]                                                                                                                                                                                                                                      | CoreSight_Decode_i/CoreSight_L0_Decoder_0/inst/frame[30]_i_1_n_0                                                                                                                                                                          |                4 |             12 |         3.00 |
|  CoreSight_Decode_i/zynq_ultra_ps_e_0/inst/pl_clk0 | CoreSight_Decode_i/CoreSight_L0_Decoder_0/inst/frame[95]                                                                                                                                                                                                                                      | CoreSight_Decode_i/CoreSight_L0_Decoder_0/inst/frame[94]_i_1_n_0                                                                                                                                                                          |                4 |             12 |         3.00 |
|  CoreSight_Decode_i/zynq_ultra_ps_e_0/inst/pl_clk0 | CoreSight_Decode_i/CoreSight_L0_Decoder_0/inst/frame[79]                                                                                                                                                                                                                                      | CoreSight_Decode_i/CoreSight_L0_Decoder_0/inst/frame[78]_i_1_n_0                                                                                                                                                                          |                4 |             12 |         3.00 |
|  CoreSight_Decode_i/zynq_ultra_ps_e_0/inst/pl_clk0 | CoreSight_Decode_i/CoreSight_L0_Decoder_0/inst/frame[47]                                                                                                                                                                                                                                      | CoreSight_Decode_i/CoreSight_L0_Decoder_0/inst/frame[46]_i_1_n_0                                                                                                                                                                          |                5 |             12 |         2.40 |
|  CoreSight_Decode_i/zynq_ultra_ps_e_0/inst/pl_clk0 | CoreSight_Decode_i/CoreSight_L0_Decoder_0/inst/frame[111]                                                                                                                                                                                                                                     | CoreSight_Decode_i/CoreSight_L0_Decoder_0/inst/frame[110]_i_1_n_0                                                                                                                                                                         |                4 |             12 |         3.00 |
|  CoreSight_Decode_i/zynq_ultra_ps_e_0/inst/pl_clk0 | CoreSight_Decode_i/CoreSight_L0_Decoder_0/inst/frame[63]                                                                                                                                                                                                                                      | CoreSight_Decode_i/CoreSight_L0_Decoder_0/inst/frame[62]_i_1_n_0                                                                                                                                                                          |                3 |             12 |         4.00 |
|  CoreSight_Decode_i/zynq_ultra_ps_e_0/inst/pl_clk0 |                                                                                                                                                                                                                                                                                               | CoreSight_Decode_i/ps8_0_axi_periph/s00_couplers/auto_ds/inst/gen_downsizer.gen_simple_downsizer.axi_downsizer_inst/USE_WRITE.write_addr_inst/cmd_queue/inst/fifo_gen_inst/inst_fifo_gen/gconvfifo.rf/grf.rf/rstblk/AR[0]                 |                4 |             12 |         3.00 |
|  CoreSight_Decode_i/zynq_ultra_ps_e_0/inst/pl_clk0 |                                                                                                                                                                                                                                                                                               | CoreSight_Decode_i/ps8_0_axi_periph/s00_couplers/auto_ds/inst/gen_downsizer.gen_simple_downsizer.axi_downsizer_inst/USE_READ.read_addr_inst/cmd_queue/inst/fifo_gen_inst/inst_fifo_gen/gconvfifo.rf/grf.rf/rstblk/AR[0]                   |                5 |             12 |         2.40 |
|  CoreSight_Decode_i/zynq_ultra_ps_e_0/inst/pl_clk0 | CoreSight_Decode_i/CoreSight_Dump_0/inst/CoreSight_Dump_v1_0_S_AXI_inst/axi_arready0                                                                                                                                                                                                          | CoreSight_Decode_i/rst_ps8_0_99M/U0/peripheral_aresetn[0]                                                                                                                                                                                 |                3 |             13 |         4.33 |
|  CoreSight_Decode_i/zynq_ultra_ps_e_0/inst/pl_clk0 | CoreSight_Decode_i/ps8_0_axi_periph/s00_couplers/auto_ds/inst/gen_downsizer.gen_simple_downsizer.axi_downsizer_inst/USE_WRITE.write_addr_inst/cmd_queue/inst/m_axi_wready_0[0]                                                                                                                | CoreSight_Decode_i/rst_ps8_0_99M/U0/peripheral_aresetn[0]                                                                                                                                                                                 |                6 |             13 |         2.17 |
|  CoreSight_Decode_i/zynq_ultra_ps_e_0/inst/pl_clk0 | CoreSight_Decode_i/CoreSight_L0_Decoder_0/inst/frame[127]                                                                                                                                                                                                                                     | CoreSight_Decode_i/CoreSight_L0_Decoder_0/inst/frame[127]_i_1_n_0                                                                                                                                                                         |                3 |             15 |         5.00 |
|  CoreSight_Decode_i/zynq_ultra_ps_e_0/inst/pl_clk0 | CoreSight_Decode_i/ps8_0_axi_periph/s00_couplers/auto_ds/inst/gen_downsizer.gen_simple_downsizer.axi_downsizer_inst/USE_READ.read_addr_inst/cmd_queue/inst/s_axi_rready_0[0]                                                                                                                  | CoreSight_Decode_i/rst_ps8_0_99M/U0/peripheral_aresetn[0]                                                                                                                                                                                 |                6 |             15 |         2.50 |
|  CoreSight_Decode_i/zynq_ultra_ps_e_0/inst/pl_clk0 | CoreSight_Decode_i/CoreSight_L0_Decoder_0/inst/highhalf                                                                                                                                                                                                                                       |                                                                                                                                                                                                                                           |                1 |             16 |        16.00 |
|  CoreSight_Decode_i/zynq_ultra_ps_e_0/inst/pl_clk0 | CoreSight_Decode_i/CoreSight_L0_Decoder_0/inst/frame[15]                                                                                                                                                                                                                                      |                                                                                                                                                                                                                                           |                7 |             16 |         2.29 |
|  CoreSight_Decode_i/zynq_ultra_ps_e_0/inst/pl_clk0 | CoreSight_Decode_i/ps8_0_axi_periph/s00_couplers/auto_ds/inst/gen_downsizer.gen_simple_downsizer.axi_downsizer_inst/USE_WRITE.write_addr_inst/USE_B_CHANNEL.cmd_b_queue/inst/fifo_gen_inst/inst_fifo_gen/gconvfifo.rf/grf.rf/gntv_or_sync_fifo.gl0.wr/gwss.wsts/E[0]                          |                                                                                                                                                                                                                                           |                1 |             16 |        16.00 |
|  CoreSight_Decode_i/zynq_ultra_ps_e_0/inst/pl_clk0 | CoreSight_Decode_i/ps8_0_axi_periph/s00_couplers/auto_ds/inst/gen_downsizer.gen_simple_downsizer.axi_downsizer_inst/USE_WRITE.write_addr_inst/USE_B_CHANNEL.cmd_b_queue/inst/cmd_push_block_reg_0[0]                                                                                          | CoreSight_Decode_i/rst_ps8_0_99M/U0/peripheral_aresetn[0]                                                                                                                                                                                 |                3 |             16 |         5.33 |
|  CoreSight_Decode_i/zynq_ultra_ps_e_0/inst/pl_clk0 | CoreSight_Decode_i/ps8_0_axi_periph/s00_couplers/auto_ds/inst/gen_downsizer.gen_simple_downsizer.axi_downsizer_inst/USE_READ.read_addr_inst/cmd_queue/inst/E[0]                                                                                                                               | CoreSight_Decode_i/rst_ps8_0_99M/U0/peripheral_aresetn[0]                                                                                                                                                                                 |                4 |             16 |         4.00 |
|  CoreSight_Decode_i/zynq_ultra_ps_e_0/inst/pl_clk0 | CoreSight_Decode_i/ps8_0_axi_periph/s00_couplers/auto_pc/inst/gen_axilite.gen_b2s_conv.axilite_b2s/SI_REG/ar.ar_pipe/s_ready_i_reg_0                                                                                                                                                          |                                                                                                                                                                                                                                           |                5 |             20 |         4.00 |
|  CoreSight_Decode_i/zynq_ultra_ps_e_0/inst/pl_clk0 | CoreSight_Decode_i/ps8_0_axi_periph/s00_couplers/auto_pc/inst/gen_axilite.gen_b2s_conv.axilite_b2s/RD.ar_channel_0/ar_cmd_fsm_0/m_valid_i_reg_0[0]                                                                                                                                            |                                                                                                                                                                                                                                           |                4 |             20 |         5.00 |
|  CoreSight_Decode_i/zynq_ultra_ps_e_0/inst/pl_clk0 | CoreSight_Decode_i/ps8_0_axi_periph/s00_couplers/auto_pc/inst/gen_axilite.gen_b2s_conv.axilite_b2s/RD.ar_channel_0/ar_cmd_fsm_0/m_valid_i_reg[0]                                                                                                                                              |                                                                                                                                                                                                                                           |               10 |             21 |         2.10 |
|  CoreSight_Decode_i/zynq_ultra_ps_e_0/inst/pl_clk0 | CoreSight_Decode_i/ps8_0_axi_periph/s00_couplers/auto_ds/inst/gen_downsizer.gen_simple_downsizer.axi_downsizer_inst/USE_WRITE.write_addr_inst/cmd_queue/inst/fifo_gen_inst/inst_fifo_gen/gconvfifo.rf/grf.rf/gntv_or_sync_fifo.gl0.rd/gr1.gr1_int.rfwft/E[0]                                  |                                                                                                                                                                                                                                           |                3 |             24 |         8.00 |
|  CoreSight_Decode_i/zynq_ultra_ps_e_0/inst/pl_clk0 | CoreSight_Decode_i/ps8_0_axi_periph/s00_couplers/auto_ds/inst/gen_downsizer.gen_simple_downsizer.axi_downsizer_inst/USE_WRITE.write_addr_inst/cmd_queue/inst/fifo_gen_inst/inst_fifo_gen/gconvfifo.rf/grf.rf/rstblk/gpregsm1.curr_fwft_state_reg[0][0]                                        |                                                                                                                                                                                                                                           |                4 |             24 |         6.00 |
|  CoreSight_Decode_i/zynq_ultra_ps_e_0/inst/pl_clk0 | CoreSight_Decode_i/ps8_0_axi_periph/s00_couplers/auto_ds/inst/gen_downsizer.gen_simple_downsizer.axi_downsizer_inst/USE_READ.read_addr_inst/cmd_queue/inst/fifo_gen_inst/inst_fifo_gen/gconvfifo.rf/grf.rf/rstblk/gpregsm1.curr_fwft_state_reg[0][0]                                          |                                                                                                                                                                                                                                           |                7 |             29 |         4.14 |
|  CoreSight_Decode_i/zynq_ultra_ps_e_0/inst/pl_clk0 | CoreSight_Decode_i/ps8_0_axi_periph/s00_couplers/auto_ds/inst/gen_downsizer.gen_simple_downsizer.axi_downsizer_inst/USE_READ.read_addr_inst/cmd_queue/inst/fifo_gen_inst/inst_fifo_gen/gconvfifo.rf/grf.rf/gntv_or_sync_fifo.gl0.rd/gr1.gr1_int.rfwft/E[0]                                    |                                                                                                                                                                                                                                           |                3 |             29 |         9.67 |
|  CoreSight_Decode_i/zynq_ultra_ps_e_0/inst/pl_clk0 | CoreSight_Decode_i/CoreSight_Dump_0/inst/CoreSight_Dump_v1_0_S_AXI_inst/mask_reg_0                                                                                                                                                                                                            | CoreSight_Decode_i/CoreSight_Dump_0/inst/CoreSight_Dump_v1_0_S_AXI_inst/trace_buff[63][7]_i_1_n_0                                                                                                                                         |                4 |             31 |         7.75 |
|  CoreSight_Decode_i/zynq_ultra_ps_e_0/inst/pl_clk0 | CoreSight_Decode_i/CoreSight_Dump_0/inst/CoreSight_Dump_v1_0_S_AXI_inst/trace_buff[0][31]_i_1_n_0                                                                                                                                                                                             | CoreSight_Decode_i/CoreSight_Dump_0/inst/CoreSight_Dump_v1_0_S_AXI_inst/trace_buff[63][7]_i_1_n_0                                                                                                                                         |               23 |             32 |         1.39 |
|  CoreSight_Decode_i/zynq_ultra_ps_e_0/inst/pl_clk0 | CoreSight_Decode_i/CoreSight_Dump_0/inst/CoreSight_Dump_v1_0_S_AXI_inst/trace_buff[16][31]_i_1_n_0                                                                                                                                                                                            | CoreSight_Decode_i/CoreSight_Dump_0/inst/CoreSight_Dump_v1_0_S_AXI_inst/trace_buff[63][7]_i_1_n_0                                                                                                                                         |               22 |             32 |         1.45 |
|  CoreSight_Decode_i/zynq_ultra_ps_e_0/inst/pl_clk0 | CoreSight_Decode_i/ps8_0_axi_periph/s00_couplers/auto_ds/inst/gen_downsizer.gen_simple_downsizer.axi_downsizer_inst/USE_WRITE.write_addr_inst/S_AXI_AREADY_I_reg_0                                                                                                                            |                                                                                                                                                                                                                                           |               11 |             32 |         2.91 |
|  CoreSight_Decode_i/zynq_ultra_ps_e_0/inst/pl_clk0 | CoreSight_Decode_i/ps8_0_axi_periph/s00_couplers/auto_ds/inst/gen_downsizer.gen_simple_downsizer.axi_downsizer_inst/USE_READ.read_addr_inst/cmd_queue/inst/s_axi_rready_2[0]                                                                                                                  | CoreSight_Decode_i/ps8_0_axi_periph/s00_couplers/auto_ds/inst/gen_downsizer.gen_simple_downsizer.axi_downsizer_inst/USE_READ.read_addr_inst/cmd_queue/inst/s_axi_aresetn[0]                                                               |               18 |             32 |         1.78 |
|  CoreSight_Decode_i/zynq_ultra_ps_e_0/inst/pl_clk0 | CoreSight_Decode_i/CoreSight_Dump_0/inst/CoreSight_Dump_v1_0_S_AXI_inst/trace_buff[15][31]_i_1_n_0                                                                                                                                                                                            | CoreSight_Decode_i/CoreSight_Dump_0/inst/CoreSight_Dump_v1_0_S_AXI_inst/trace_buff[63][7]_i_1_n_0                                                                                                                                         |               19 |             32 |         1.68 |
|  CoreSight_Decode_i/zynq_ultra_ps_e_0/inst/pl_clk0 | CoreSight_Decode_i/CoreSight_Dump_0/inst/CoreSight_Dump_v1_0_S_AXI_inst/trace_buff[14][31]_i_1_n_0                                                                                                                                                                                            | CoreSight_Decode_i/CoreSight_Dump_0/inst/CoreSight_Dump_v1_0_S_AXI_inst/trace_buff[63][7]_i_1_n_0                                                                                                                                         |               22 |             32 |         1.45 |
|  CoreSight_Decode_i/zynq_ultra_ps_e_0/inst/pl_clk0 | CoreSight_Decode_i/ps8_0_axi_periph/s00_couplers/auto_pc/inst/gen_axilite.gen_b2s_conv.axilite_b2s/RD.r_channel_0/rd_data_fifo_0/wr_en0                                                                                                                                                       |                                                                                                                                                                                                                                           |                8 |             32 |         4.00 |
|  CoreSight_Decode_i/zynq_ultra_ps_e_0/inst/pl_clk0 | CoreSight_Decode_i/CoreSight_Dump_0/inst/CoreSight_Dump_v1_0_S_AXI_inst/trace_buff[13][31]_i_1_n_0                                                                                                                                                                                            | CoreSight_Decode_i/CoreSight_Dump_0/inst/CoreSight_Dump_v1_0_S_AXI_inst/trace_buff[63][7]_i_1_n_0                                                                                                                                         |               19 |             32 |         1.68 |
|  CoreSight_Decode_i/zynq_ultra_ps_e_0/inst/pl_clk0 | CoreSight_Decode_i/CoreSight_Dump_0/inst/CoreSight_Dump_v1_0_S_AXI_inst/trace_buff[12][31]_i_1_n_0                                                                                                                                                                                            | CoreSight_Decode_i/CoreSight_Dump_0/inst/CoreSight_Dump_v1_0_S_AXI_inst/trace_buff[63][7]_i_1_n_0                                                                                                                                         |               23 |             32 |         1.39 |
|  CoreSight_Decode_i/zynq_ultra_ps_e_0/inst/pl_clk0 | CoreSight_Decode_i/CoreSight_Dump_0/inst/CoreSight_Dump_v1_0_S_AXI_inst/trace_buff[11][31]_i_1_n_0                                                                                                                                                                                            | CoreSight_Decode_i/CoreSight_Dump_0/inst/CoreSight_Dump_v1_0_S_AXI_inst/trace_buff[63][7]_i_1_n_0                                                                                                                                         |               23 |             32 |         1.39 |
|  CoreSight_Decode_i/zynq_ultra_ps_e_0/inst/pl_clk0 | CoreSight_Decode_i/CoreSight_Dump_0/inst/CoreSight_Dump_v1_0_S_AXI_inst/trace_buff[10][31]_i_1_n_0                                                                                                                                                                                            | CoreSight_Decode_i/CoreSight_Dump_0/inst/CoreSight_Dump_v1_0_S_AXI_inst/trace_buff[63][7]_i_1_n_0                                                                                                                                         |               22 |             32 |         1.45 |
|  CoreSight_Decode_i/zynq_ultra_ps_e_0/inst/pl_clk0 | CoreSight_Decode_i/CoreSight_Dump_0/inst/CoreSight_Dump_v1_0_S_AXI_inst/trace_buff[26][31]_i_1_n_0                                                                                                                                                                                            | CoreSight_Decode_i/CoreSight_Dump_0/inst/CoreSight_Dump_v1_0_S_AXI_inst/trace_buff[63][7]_i_1_n_0                                                                                                                                         |               23 |             32 |         1.39 |
|  CoreSight_Decode_i/zynq_ultra_ps_e_0/inst/pl_clk0 | CoreSight_Decode_i/CoreSight_Dump_0/inst/CoreSight_Dump_v1_0_S_AXI_inst/trace_buff[3][31]_i_1_n_0                                                                                                                                                                                             | CoreSight_Decode_i/CoreSight_Dump_0/inst/CoreSight_Dump_v1_0_S_AXI_inst/trace_buff[63][7]_i_1_n_0                                                                                                                                         |               23 |             32 |         1.39 |
|  CoreSight_Decode_i/zynq_ultra_ps_e_0/inst/pl_clk0 | CoreSight_Decode_i/CoreSight_Dump_0/inst/CoreSight_Dump_v1_0_S_AXI_inst/trace_buff[4][31]_i_1_n_0                                                                                                                                                                                             | CoreSight_Decode_i/CoreSight_Dump_0/inst/CoreSight_Dump_v1_0_S_AXI_inst/trace_buff[63][7]_i_1_n_0                                                                                                                                         |               23 |             32 |         1.39 |
|  CoreSight_Decode_i/zynq_ultra_ps_e_0/inst/pl_clk0 | CoreSight_Decode_i/CoreSight_Dump_0/inst/CoreSight_Dump_v1_0_S_AXI_inst/trace_buff[5][31]_i_1_n_0                                                                                                                                                                                             | CoreSight_Decode_i/CoreSight_Dump_0/inst/CoreSight_Dump_v1_0_S_AXI_inst/trace_buff[63][7]_i_1_n_0                                                                                                                                         |               20 |             32 |         1.60 |
|  CoreSight_Decode_i/zynq_ultra_ps_e_0/inst/pl_clk0 | CoreSight_Decode_i/CoreSight_Dump_0/inst/CoreSight_Dump_v1_0_S_AXI_inst/trace_buff[7][31]_i_1_n_0                                                                                                                                                                                             | CoreSight_Decode_i/CoreSight_Dump_0/inst/CoreSight_Dump_v1_0_S_AXI_inst/trace_buff[63][7]_i_1_n_0                                                                                                                                         |               22 |             32 |         1.45 |
|  CoreSight_Decode_i/zynq_ultra_ps_e_0/inst/pl_clk0 | CoreSight_Decode_i/CoreSight_Dump_0/inst/CoreSight_Dump_v1_0_S_AXI_inst/trace_buff[6][31]_i_1_n_0                                                                                                                                                                                             | CoreSight_Decode_i/CoreSight_Dump_0/inst/CoreSight_Dump_v1_0_S_AXI_inst/trace_buff[63][7]_i_1_n_0                                                                                                                                         |               17 |             32 |         1.88 |
|  CoreSight_Decode_i/zynq_ultra_ps_e_0/inst/pl_clk0 | CoreSight_Decode_i/CoreSight_Dump_0/inst/CoreSight_Dump_v1_0_S_AXI_inst/trace_buff[9][31]_i_1_n_0                                                                                                                                                                                             | CoreSight_Decode_i/CoreSight_Dump_0/inst/CoreSight_Dump_v1_0_S_AXI_inst/trace_buff[63][7]_i_1_n_0                                                                                                                                         |               18 |             32 |         1.78 |
|  CoreSight_Decode_i/zynq_ultra_ps_e_0/inst/pl_clk0 | CoreSight_Decode_i/ps8_0_axi_periph/s00_couplers/auto_ds/inst/gen_downsizer.gen_simple_downsizer.axi_downsizer_inst/USE_READ.read_addr_inst/cmd_queue/inst/s_axi_rready_3[0]                                                                                                                  | CoreSight_Decode_i/ps8_0_axi_periph/s00_couplers/auto_ds/inst/gen_downsizer.gen_simple_downsizer.axi_downsizer_inst/USE_READ.read_addr_inst/cmd_queue/inst/s_axi_aresetn[0]                                                               |               18 |             32 |         1.78 |
|  CoreSight_Decode_i/zynq_ultra_ps_e_0/inst/pl_clk0 | CoreSight_Decode_i/ps8_0_axi_periph/s00_couplers/auto_ds/inst/gen_downsizer.gen_simple_downsizer.axi_downsizer_inst/USE_READ.read_addr_inst/cmd_queue/inst/s_axi_rready_1[0]                                                                                                                  | CoreSight_Decode_i/ps8_0_axi_periph/s00_couplers/auto_ds/inst/gen_downsizer.gen_simple_downsizer.axi_downsizer_inst/USE_READ.read_addr_inst/cmd_queue/inst/s_axi_aresetn[0]                                                               |               20 |             32 |         1.60 |
|  CoreSight_Decode_i/zynq_ultra_ps_e_0/inst/pl_clk0 | CoreSight_Decode_i/CoreSight_Dump_0/inst/CoreSight_Dump_v1_0_S_AXI_inst/trace_buff[8][31]_i_1_n_0                                                                                                                                                                                             | CoreSight_Decode_i/CoreSight_Dump_0/inst/CoreSight_Dump_v1_0_S_AXI_inst/trace_buff[63][7]_i_1_n_0                                                                                                                                         |               21 |             32 |         1.52 |
|  CoreSight_Decode_i/zynq_ultra_ps_e_0/inst/pl_clk0 | CoreSight_Decode_i/CoreSight_Dump_0/inst/CoreSight_Dump_v1_0_S_AXI_inst/trace_buff[17][31]_i_1_n_0                                                                                                                                                                                            | CoreSight_Decode_i/CoreSight_Dump_0/inst/CoreSight_Dump_v1_0_S_AXI_inst/trace_buff[63][7]_i_1_n_0                                                                                                                                         |               24 |             32 |         1.33 |
|  CoreSight_Decode_i/zynq_ultra_ps_e_0/inst/pl_clk0 | CoreSight_Decode_i/CoreSight_Dump_0/inst/CoreSight_Dump_v1_0_S_AXI_inst/trace_buff[25][31]_i_1_n_0                                                                                                                                                                                            | CoreSight_Decode_i/CoreSight_Dump_0/inst/CoreSight_Dump_v1_0_S_AXI_inst/trace_buff[63][7]_i_1_n_0                                                                                                                                         |               21 |             32 |         1.52 |
|  CoreSight_Decode_i/zynq_ultra_ps_e_0/inst/pl_clk0 | CoreSight_Decode_i/CoreSight_Dump_0/inst/CoreSight_Dump_v1_0_S_AXI_inst/trace_buff[27][31]_i_1_n_0                                                                                                                                                                                            | CoreSight_Decode_i/CoreSight_Dump_0/inst/CoreSight_Dump_v1_0_S_AXI_inst/trace_buff[63][7]_i_1_n_0                                                                                                                                         |               20 |             32 |         1.60 |
|  CoreSight_Decode_i/zynq_ultra_ps_e_0/inst/pl_clk0 | CoreSight_Decode_i/CoreSight_Dump_0/inst/CoreSight_Dump_v1_0_S_AXI_inst/trace_buff[28][31]_i_1_n_0                                                                                                                                                                                            | CoreSight_Decode_i/CoreSight_Dump_0/inst/CoreSight_Dump_v1_0_S_AXI_inst/trace_buff[63][7]_i_1_n_0                                                                                                                                         |               25 |             32 |         1.28 |
|  CoreSight_Decode_i/zynq_ultra_ps_e_0/inst/pl_clk0 | CoreSight_Decode_i/CoreSight_Dump_0/inst/CoreSight_Dump_v1_0_S_AXI_inst/trace_buff[29][31]_i_1_n_0                                                                                                                                                                                            | CoreSight_Decode_i/CoreSight_Dump_0/inst/CoreSight_Dump_v1_0_S_AXI_inst/trace_buff[63][7]_i_1_n_0                                                                                                                                         |               20 |             32 |         1.60 |
|  CoreSight_Decode_i/zynq_ultra_ps_e_0/inst/pl_clk0 | CoreSight_Decode_i/CoreSight_Dump_0/inst/CoreSight_Dump_v1_0_S_AXI_inst/trace_buff[2][31]_i_1_n_0                                                                                                                                                                                             | CoreSight_Decode_i/CoreSight_Dump_0/inst/CoreSight_Dump_v1_0_S_AXI_inst/trace_buff[63][7]_i_1_n_0                                                                                                                                         |               20 |             32 |         1.60 |
|  CoreSight_Decode_i/zynq_ultra_ps_e_0/inst/pl_clk0 | CoreSight_Decode_i/CoreSight_Dump_0/inst/CoreSight_Dump_v1_0_S_AXI_inst/trace_buff[30][31]_i_1_n_0                                                                                                                                                                                            | CoreSight_Decode_i/CoreSight_Dump_0/inst/CoreSight_Dump_v1_0_S_AXI_inst/trace_buff[63][7]_i_1_n_0                                                                                                                                         |               22 |             32 |         1.45 |
|  CoreSight_Decode_i/zynq_ultra_ps_e_0/inst/pl_clk0 | CoreSight_Decode_i/CoreSight_Dump_0/inst/CoreSight_Dump_v1_0_S_AXI_inst/trace_buff[31][31]_i_1_n_0                                                                                                                                                                                            | CoreSight_Decode_i/CoreSight_Dump_0/inst/CoreSight_Dump_v1_0_S_AXI_inst/trace_buff[63][7]_i_1_n_0                                                                                                                                         |               21 |             32 |         1.52 |
|  CoreSight_Decode_i/zynq_ultra_ps_e_0/inst/pl_clk0 | CoreSight_Decode_i/CoreSight_Dump_0/inst/CoreSight_Dump_v1_0_S_AXI_inst/slv_reg_rden__0                                                                                                                                                                                                       | CoreSight_Decode_i/rst_ps8_0_99M/U0/peripheral_aresetn[0]                                                                                                                                                                                 |               20 |             32 |         1.60 |
|  CoreSight_Decode_i/zynq_ultra_ps_e_0/inst/pl_clk0 | CoreSight_Decode_i/ps8_0_axi_periph/s00_couplers/auto_ds/inst/gen_downsizer.gen_simple_downsizer.axi_downsizer_inst/USE_READ.read_addr_inst/cmd_queue/inst/s_axi_rready_4[0]                                                                                                                  | CoreSight_Decode_i/ps8_0_axi_periph/s00_couplers/auto_ds/inst/gen_downsizer.gen_simple_downsizer.axi_downsizer_inst/USE_READ.read_addr_inst/cmd_queue/inst/s_axi_aresetn[0]                                                               |               21 |             32 |         1.52 |
|  CoreSight_Decode_i/zynq_ultra_ps_e_0/inst/pl_clk0 | CoreSight_Decode_i/CoreSight_Dump_0/inst/CoreSight_Dump_v1_0_S_AXI_inst/trace_buff[19][31]_i_1_n_0                                                                                                                                                                                            | CoreSight_Decode_i/CoreSight_Dump_0/inst/CoreSight_Dump_v1_0_S_AXI_inst/trace_buff[63][7]_i_1_n_0                                                                                                                                         |               18 |             32 |         1.78 |
|  CoreSight_Decode_i/zynq_ultra_ps_e_0/inst/pl_clk0 | CoreSight_Decode_i/CoreSight_Dump_0/inst/CoreSight_Dump_v1_0_S_AXI_inst/trace_buff[22][31]_i_1_n_0                                                                                                                                                                                            | CoreSight_Decode_i/CoreSight_Dump_0/inst/CoreSight_Dump_v1_0_S_AXI_inst/trace_buff[63][7]_i_1_n_0                                                                                                                                         |               20 |             32 |         1.60 |
|  CoreSight_Decode_i/zynq_ultra_ps_e_0/inst/pl_clk0 | CoreSight_Decode_i/CoreSight_Dump_0/inst/CoreSight_Dump_v1_0_S_AXI_inst/trace_buff[24][31]_i_1_n_0                                                                                                                                                                                            | CoreSight_Decode_i/CoreSight_Dump_0/inst/CoreSight_Dump_v1_0_S_AXI_inst/trace_buff[63][7]_i_1_n_0                                                                                                                                         |               22 |             32 |         1.45 |
|  CoreSight_Decode_i/zynq_ultra_ps_e_0/inst/pl_clk0 | CoreSight_Decode_i/CoreSight_Dump_0/inst/CoreSight_Dump_v1_0_S_AXI_inst/trace_buff[23][31]_i_1_n_0                                                                                                                                                                                            | CoreSight_Decode_i/CoreSight_Dump_0/inst/CoreSight_Dump_v1_0_S_AXI_inst/trace_buff[63][7]_i_1_n_0                                                                                                                                         |               19 |             32 |         1.68 |
|  CoreSight_Decode_i/zynq_ultra_ps_e_0/inst/pl_clk0 | CoreSight_Decode_i/CoreSight_Dump_0/inst/CoreSight_Dump_v1_0_S_AXI_inst/trace_buff[21][31]_i_1_n_0                                                                                                                                                                                            | CoreSight_Decode_i/CoreSight_Dump_0/inst/CoreSight_Dump_v1_0_S_AXI_inst/trace_buff[63][7]_i_1_n_0                                                                                                                                         |               22 |             32 |         1.45 |
|  CoreSight_Decode_i/zynq_ultra_ps_e_0/inst/pl_clk0 | CoreSight_Decode_i/CoreSight_Dump_0/inst/CoreSight_Dump_v1_0_S_AXI_inst/trace_buff[20][31]_i_1_n_0                                                                                                                                                                                            | CoreSight_Decode_i/CoreSight_Dump_0/inst/CoreSight_Dump_v1_0_S_AXI_inst/trace_buff[63][7]_i_1_n_0                                                                                                                                         |               21 |             32 |         1.52 |
|  CoreSight_Decode_i/zynq_ultra_ps_e_0/inst/pl_clk0 | CoreSight_Decode_i/CoreSight_Dump_0/inst/CoreSight_Dump_v1_0_S_AXI_inst/trace_buff[1][31]_i_1_n_0                                                                                                                                                                                             | CoreSight_Decode_i/CoreSight_Dump_0/inst/CoreSight_Dump_v1_0_S_AXI_inst/trace_buff[63][7]_i_1_n_0                                                                                                                                         |               23 |             32 |         1.39 |
|  CoreSight_Decode_i/zynq_ultra_ps_e_0/inst/pl_clk0 | CoreSight_Decode_i/CoreSight_Dump_0/inst/CoreSight_Dump_v1_0_S_AXI_inst/trace_buff[18][31]_i_1_n_0                                                                                                                                                                                            | CoreSight_Decode_i/CoreSight_Dump_0/inst/CoreSight_Dump_v1_0_S_AXI_inst/trace_buff[63][7]_i_1_n_0                                                                                                                                         |               20 |             32 |         1.60 |
|  CoreSight_Decode_i/zynq_ultra_ps_e_0/inst/pl_clk0 | CoreSight_Decode_i/ps8_0_axi_periph/s00_couplers/auto_pc/inst/gen_axilite.gen_b2s_conv.axilite_b2s/SI_REG/r.r_pipe/si_rs_rready                                                                                                                                                               |                                                                                                                                                                                                                                           |                9 |             33 |         3.67 |
|  CoreSight_Decode_i/zynq_ultra_ps_e_0/inst/pl_clk0 | CoreSight_Decode_i/ps8_0_axi_periph/s00_couplers/auto_pc/inst/gen_axilite.gen_b2s_conv.axilite_b2s/SI_REG/r.r_pipe/p_1_in                                                                                                                                                                     |                                                                                                                                                                                                                                           |                9 |             33 |         3.67 |
|  CoreSight_Decode_i/zynq_ultra_ps_e_0/inst/pl_clk0 | CoreSight_Decode_i/ps8_0_axi_periph/s00_couplers/auto_ds/inst/gen_downsizer.gen_simple_downsizer.axi_downsizer_inst/USE_READ.read_addr_inst/cmd_queue/inst/fifo_gen_inst/inst_fifo_gen/gconvfifo.rf/grf.rf/gntv_or_sync_fifo.gl0.wr/gwss.wsts/E[0]                                            |                                                                                                                                                                                                                                           |                3 |             34 |        11.33 |
|  CoreSight_Decode_i/zynq_ultra_ps_e_0/inst/pl_clk0 | CoreSight_Decode_i/ps8_0_axi_periph/s00_couplers/auto_ds/inst/gen_downsizer.gen_simple_downsizer.axi_downsizer_inst/USE_WRITE.write_addr_inst/cmd_queue/inst/fifo_gen_inst/inst_fifo_gen/gconvfifo.rf/grf.rf/gntv_or_sync_fifo.gl0.wr/gwss.wsts/E[0]                                          |                                                                                                                                                                                                                                           |                3 |             34 |        11.33 |
|  CoreSight_Decode_i/zynq_ultra_ps_e_0/inst/pl_clk0 |                                                                                                                                                                                                                                                                                               | CoreSight_Decode_i/rst_ps8_0_99M/U0/peripheral_aresetn[0]                                                                                                                                                                                 |               19 |             36 |         1.89 |
|  CoreSight_Decode_i/zynq_ultra_ps_e_0/inst/pl_clk0 | CoreSight_Decode_i/ps8_0_axi_periph/s00_couplers/auto_ds/inst/gen_downsizer.gen_simple_downsizer.axi_downsizer_inst/USE_READ.read_addr_inst/S_AXI_AREADY_I_reg_0                                                                                                                              |                                                                                                                                                                                                                                           |               17 |             37 |         2.18 |
|  CoreSight_Decode_i/zynq_ultra_ps_e_0/inst/pl_clk0 | CoreSight_Decode_i/ps8_0_axi_periph/s00_couplers/auto_ds/inst/gen_downsizer.gen_simple_downsizer.axi_downsizer_inst/USE_WRITE.write_addr_inst/S_AXI_AREADY_I_reg_0                                                                                                                            | CoreSight_Decode_i/rst_ps8_0_99M/U0/peripheral_aresetn[0]                                                                                                                                                                                 |               15 |             48 |         3.20 |
|  CoreSight_Decode_i/zynq_ultra_ps_e_0/inst/pl_clk0 | CoreSight_Decode_i/ps8_0_axi_periph/s00_couplers/auto_ds/inst/gen_downsizer.gen_simple_downsizer.axi_downsizer_inst/USE_READ.read_addr_inst/S_AXI_AREADY_I_reg_0                                                                                                                              | CoreSight_Decode_i/rst_ps8_0_99M/U0/peripheral_aresetn[0]                                                                                                                                                                                 |               20 |             59 |         2.95 |
|  CoreSight_Decode_i/zynq_ultra_ps_e_0/inst/pl_clk0 | CoreSight_Decode_i/CoreSight_Dump_0/inst/CoreSight_Dump_v1_0_S_AXI_inst/trace_buff                                                                                                                                                                                                            | CoreSight_Decode_i/CoreSight_Dump_0/inst/CoreSight_Dump_v1_0_S_AXI_inst/trace_buff[63][7]_i_1_n_0                                                                                                                                         |               46 |            134 |         2.91 |
|  CoreSight_Decode_i/zynq_ultra_ps_e_0/inst/pl_clk0 |                                                                                                                                                                                                                                                                                               |                                                                                                                                                                                                                                           |               59 |            335 |         5.68 |
|  CoreSight_Decode_i/zynq_ultra_ps_e_0/inst/pl_clk0 | CoreSight_Decode_i/CoreSight_Dump_0/inst/CoreSight_Dump_v1_0_S_AXI_inst/trace_buff[32][31]_i_1_n_0                                                                                                                                                                                            | CoreSight_Decode_i/CoreSight_Dump_0/inst/CoreSight_Dump_v1_0_S_AXI_inst/trace_buff[63][7]_i_1_n_0                                                                                                                                         |              128 |            864 |         6.75 |
+----------------------------------------------------+-----------------------------------------------------------------------------------------------------------------------------------------------------------------------------------------------------------------------------------------------------------------------------------------------+-------------------------------------------------------------------------------------------------------------------------------------------------------------------------------------------------------------------------------------------+------------------+----------------+--------------+


